[debug] [2026-06-29T13:21:50.935Z] ----------------------------------------------------------------------
[debug] [2026-06-29T13:21:50.950Z] Command:       /usr/local/bin/firebase /Users/weafrica/.cache/firebase/tools/lib/node_modules/firebase-tools/lib/bin/firebase emulators:start --only functions
[debug] [2026-06-29T13:21:50.950Z] CLI Version:   14.27.0
[debug] [2026-06-29T13:21:50.950Z] Platform:      darwin
[debug] [2026-06-29T13:21:50.950Z] Node Version:  v20.18.2
[debug] [2026-06-29T13:21:50.951Z] Time:          Mon Jun 29 2026 15:21:50 GMT+0200 (South Africa Standard Time)
[debug] [2026-06-29T13:21:50.951Z] ----------------------------------------------------------------------
[debug] 
[debug] [2026-06-29T13:21:52.023Z] > command requires scopes: ["email","openid","https://www.googleapis.com/auth/cloudplatformprojects.readonly","https://www.googleapis.com/auth/firebase","https://www.googleapis.com/auth/cloud-platform"]
[debug] [2026-06-29T13:21:52.024Z] > authorizing via signed-in user (weafrica.musical@gmail.com)
[info] i  emulators: Starting emulators: functions {"metadata":{"emulator":{"name":"hub"},"message":"Starting emulators: functions"}}
[debug] [2026-06-29T13:21:53.439Z] [logging] Logging Emulator only supports listening on one address (127.0.0.1). Not listening on ::1
[debug] [2026-06-29T13:21:53.439Z] assigned listening specs for emulators {"user":{"hub":[{"address":"127.0.0.1","family":"IPv4","port":4400},{"address":"::1","family":"IPv6","port":4400}],"ui":[{"address":"127.0.0.1","family":"IPv4","port":4000},{"address":"::1","family":"IPv6","port":4000}],"logging":[{"address":"127.0.0.1","family":"IPv4","port":4500}]},"metadata":{"message":"assigned listening specs for emulators"}}
[debug] [2026-06-29T13:21:53.450Z] Emulator locator file path: /var/folders/1p/_gtws4dx0sv1l223h85jmcl00000gn/T/hub-weafrica-ride-703b9.json
[debug] [2026-06-29T13:21:53.452Z] [hub] writing locator at /var/folders/1p/_gtws4dx0sv1l223h85jmcl00000gn/T/hub-weafrica-ride-703b9.json
[debug] [2026-06-29T13:21:54.679Z] [functions] Functions Emulator only supports listening on one address (127.0.0.1). Not listening on ::1
[debug] [2026-06-29T13:21:54.679Z] [eventarc] Eventarc Emulator only supports listening on one address (127.0.0.1). Not listening on ::1
[debug] [2026-06-29T13:21:54.679Z] [tasks] Cloud Tasks Emulator only supports listening on one address (127.0.0.1). Not listening on ::1
[debug] [2026-06-29T13:21:54.679Z] late-assigned ports for functions and eventarc emulators {"user":{"hub":[{"address":"127.0.0.1","family":"IPv4","port":4400},{"address":"::1","family":"IPv6","port":4400}],"ui":[{"address":"127.0.0.1","family":"IPv4","port":4000},{"address":"::1","family":"IPv6","port":4000}],"logging":[{"address":"127.0.0.1","family":"IPv4","port":4500}],"functions":[{"address":"127.0.0.1","family":"IPv4","port":5001}],"eventarc":[{"address":"127.0.0.1","family":"IPv4","port":9299}],"tasks":[{"address":"127.0.0.1","family":"IPv4","port":9499}]},"metadata":{"message":"late-assigned ports for functions and eventarc emulators"}}
[warn] ⚠  functions: The following emulators are not running, calls to these services from the Functions emulator will affect production: apphosting, auth, firestore, database, hosting, pubsub, storage, dataconnect {"metadata":{"emulator":{"name":"functions"},"message":"The following emulators are not running, calls to these services from the Functions emulator will affect production: \u001b[1mapphosting, auth, firestore, database, hosting, pubsub, storage, dataconnect\u001b[22m"}}
[warn] ⚠  functions: Application Default Credentials detected. Non-emulated services will access production using these credentials. Be careful! {"metadata":{"emulator":{"name":"functions"},"message":"Application Default Credentials detected. Non-emulated services will access production using these credentials. Be careful!"}}
[debug] [2026-06-29T13:22:05.926Z] Checked if tokens are valid: true, expires at: 1782741927739
[debug] [2026-06-29T13:22:05.926Z] Checked if tokens are valid: true, expires at: 1782741927739
[debug] [2026-06-29T13:22:05.928Z] >>> [apiv2][query] GET https://firebase.googleapis.com/v1beta1/projects/weafrica-ride-703b9/adminSdkConfig [none]
[debug] [2026-06-29T13:22:06.645Z] <<< [apiv2][status] GET https://firebase.googleapis.com/v1beta1/projects/weafrica-ride-703b9/adminSdkConfig 200
[debug] [2026-06-29T13:22:06.645Z] <<< [apiv2][body] GET https://firebase.googleapis.com/v1beta1/projects/weafrica-ride-703b9/adminSdkConfig {"projectId":"weafrica-ride-703b9","storageBucket":"weafrica-ride-703b9.firebasestorage.app"}
[info] i  functions: Watching "/Users/weafrica/Desktop/weafrica-ride/admin-dashboard/functions" for Cloud Functions... {"metadata":{"emulator":{"name":"functions"},"message":"Watching \"/Users/weafrica/Desktop/weafrica-ride/admin-dashboard/functions\" for Cloud Functions..."}}
[debug] [2026-06-29T13:22:06.777Z] Validating nodejs source
[debug] [2026-06-29T13:22:06.788Z] checkFunctionsSDKVersion was unable to fetch information from NPM Error: spawnSync npm Unknown system error -8
    at Object.spawnSync (node:internal/child_process:1123:20)
    at Object.spawnSync (node:child_process:877:24)
    at Object.spawnSync (pkg/prelude/bootstrap.js:2092:31)
    at Function.spawnSync [as sync] (/Users/weafrica/.cache/firebase/tools/lib/node_modules/cross-spawn/index.js:26:23)
    at Object.getLatestSDKVersion (/Users/weafrica/.cache/firebase/tools/lib/node_modules/firebase-tools/lib/deploy/functions/runtimes/node/versioning.js:54:25)
    at Object.checkFunctionsSDKVersion (/Users/weafrica/.cache/firebase/tools/lib/node_modules/firebase-tools/lib/deploy/functions/runtimes/node/versioning.js:74:32)
    at Delegate.validate (/Users/weafrica/.cache/firebase/tools/lib/node_modules/firebase-tools/lib/deploy/functions/runtimes/node/index.js:89:20)
    at FunctionsEmulator.discoverTriggers (/Users/weafrica/.cache/firebase/tools/lib/node_modules/firebase-tools/lib/emulator/functionsEmulator.js:320:35)
    at async FunctionsEmulator.loadTriggers (/Users/weafrica/.cache/firebase/tools/lib/node_modules/firebase-tools/lib/emulator/functionsEmulator.js:362:34)
    at async FunctionsEmulator.connect (/Users/weafrica/.cache/firebase/tools/lib/node_modules/firebase-tools/lib/emulator/functionsEmulator.js:282:13)
[debug] [2026-06-29T13:22:06.789Z] > [functions] package.json contents: {
  "name": "functions",
  "scripts": {
    "lint": "eslint --ext .js,.ts .",
    "build": "tsc",
    "build:watch": "tsc --watch",
    "serve": "npm run build && firebase emulators:start --only functions",
    "shell": "npm run build && firebase functions:shell",
    "start": "npm run shell",
    "deploy": "firebase deploy --only functions",
    "logs": "firebase functions:log"
  },
  "engines": {
    "node": "20"
  },
  "main": "lib/index.js",
  "dependencies": {
    "firebase-admin": "^12.0.0",
    "firebase-functions": "^5.0.0"
  },
  "devDependencies": {
    "@typescript-eslint/eslint-plugin": "^5.12.0",
    "@typescript-eslint/parser": "^5.12.0",
    "eslint": "^8.9.0",
    "eslint-config-google": "^0.14.0",
    "eslint-plugin-import": "^2.25.4",
    "firebase-functions-test": "^3.4.1",
    "typescript": "^5.7.3"
  },
  "private": true
}
[debug] [2026-06-29T13:22:06.789Z] Building nodejs source
[debug] [2026-06-29T13:22:06.790Z] Failed to find version of module node: reached end of search path /Users/weafrica/Desktop/weafrica-ride/admin-dashboard/functions/node_modules
[info] ✔  functions: Using node@20 from host. 
[info] i  functions: You are using a version of firebase-functions SDK (5.0.0) that does not have support for the newest Firebase Extensions features. Please update firebase-functions SDK to >=5.1.0 to use them correctly 
[debug] [2026-06-29T13:22:06.813Z] Could not find functions.yaml. Must use http discovery
[debug] [2026-06-29T13:22:06.832Z] Found firebase-functions binary at '/Users/weafrica/Desktop/weafrica-ride/admin-dashboard/functions/node_modules/.bin/firebase-functions'
[info] Serving at port 8741

[debug] [2026-06-29T13:22:10.941Z] Got response from /__/functions.yaml {"endpoints":{"sendNotification":{"platform":"gcfv1","labels":{},"availableMemoryMb":null,"timeoutSeconds":null,"minInstances":null,"maxInstances":null,"ingressSettings":null,"serviceAccountEmail":null,"vpc":null,"callableTrigger":{},"entryPoint":"sendNotification"},"sendBroadcast":{"platform":"gcfv1","labels":{},"availableMemoryMb":null,"timeoutSeconds":null,"minInstances":null,"maxInstances":null,"ingressSettings":null,"serviceAccountEmail":null,"vpc":null,"callableTrigger":{},"entryPoint":"sendBroadcast"},"getNotificationHistory":{"platform":"gcfv1","labels":{},"availableMemoryMb":null,"timeoutSeconds":null,"minInstances":null,"maxInstances":null,"ingressSettings":null,"serviceAccountEmail":null,"vpc":null,"callableTrigger":{},"entryPoint":"getNotificationHistory"}},"specVersion":"v1alpha1","requiredAPIs":[]}
[info] ✔  functions: Loaded functions definitions from source: sendNotification, sendBroadcast, getNotificationHistory. {"metadata":{"emulator":{"name":"functions"},"message":"Loaded functions definitions from source: sendNotification, sendBroadcast, getNotificationHistory."}}
[info] ✔  functions[us-central1-sendNotification]: http function initialized (http://127.0.0.1:5001/weafrica-ride-703b9/us-central1/sendNotification). {"metadata":{"emulator":{"name":"functions"},"message":"\u001b[1mhttp\u001b[22m function initialized (http://127.0.0.1:5001/weafrica-ride-703b9/us-central1/sendNotification)."}}
[info] ✔  functions[us-central1-sendBroadcast]: http function initialized (http://127.0.0.1:5001/weafrica-ride-703b9/us-central1/sendBroadcast). {"metadata":{"emulator":{"name":"functions"},"message":"\u001b[1mhttp\u001b[22m function initialized (http://127.0.0.1:5001/weafrica-ride-703b9/us-central1/sendBroadcast)."}}
[info] ✔  functions[us-central1-getNotificationHistory]: http function initialized (http://127.0.0.1:5001/weafrica-ride-703b9/us-central1/getNotificationHistory). {"metadata":{"emulator":{"name":"functions"},"message":"\u001b[1mhttp\u001b[22m function initialized (http://127.0.0.1:5001/weafrica-ride-703b9/us-central1/getNotificationHistory)."}}
[debug] [2026-06-29T13:22:15.087Z] Could not find VSCode notification endpoint: FetchError: request to http://localhost:40001/vscode/notify failed, reason: . If you are not running the Firebase Data Connect VSCode extension, this is expected and not an issue.
[info] 
┌─────────────────────────────────────────────────────────────┐
│ ✔  All emulators ready! It is now safe to connect your app. │
│ i  View Emulator UI at http://127.0.0.1:4000/               │
└─────────────────────────────────────────────────────────────┘

┌───────────┬────────────────┬─────────────────────────────────┐
│ Emulator  │ Host:Port      │ View in Emulator UI             │
├───────────┼────────────────┼─────────────────────────────────┤
│ Functions │ 127.0.0.1:5001 │ http://127.0.0.1:4000/functions │
└───────────┴────────────────┴─────────────────────────────────┘
  Emulator Hub host: 127.0.0.1 port: 4400
  Other reserved ports: 4500

Issues? Report them at https://github.com/firebase/firebase-tools/issues and attach the *-debug.log files.
 
[debug] [2026-06-29T13:22:25.424Z] [work-queue] {"queuedWork":["/weafrica-ride-703b9/us-central1/sendNotification-2026-06-29T13:22:25.424Z"],"queueLength":1,"runningWork":[],"workRunningCount":0}
[debug] [2026-06-29T13:22:25.425Z] [work-queue] {"queuedWork":[],"queueLength":0,"runningWork":["/weafrica-ride-703b9/us-central1/sendNotification-2026-06-29T13:22:25.424Z"],"workRunningCount":1}
[debug] [2026-06-29T13:22:25.425Z] Accepted request POST /weafrica-ride-703b9/us-central1/sendNotification --> us-central1-sendNotification
[debug] [2026-06-29T13:22:25.428Z] [functions] Runtime ready! Sending request! {"metadata":{"emulator":{"name":"functions"},"message":"[functions] Runtime ready! Sending request!"}}
[debug] [2026-06-29T13:22:25.429Z] [functions] Got req.url=/weafrica-ride-703b9/us-central1/sendNotification, mapping to path=/ {"metadata":{"emulator":{"name":"functions"},"message":"[functions] Got req.url=/weafrica-ride-703b9/us-central1/sendNotification, mapping to path=/"}}
[debug] [2026-06-29T13:22:25.536Z] [worker-pool] addWorker(us-central1-sendNotification) {"metadata":{"emulator":{"name":"functions"},"message":"[worker-pool] addWorker(us-central1-sendNotification)"}}
[debug] [2026-06-29T13:22:25.538Z] [worker-pool] Adding worker with key us-central1-sendNotification, total=1 {"metadata":{"emulator":{"name":"functions"},"message":"[worker-pool] Adding worker with key us-central1-sendNotification, total=1"}}
[debug] [2026-06-29T13:22:28.757Z] [runtime-status] [58768] Resolved module firebase-admin {"declared":true,"installed":true,"version":"12.0.0","resolution":"/Users/weafrica/Desktop/weafrica-ride/admin-dashboard/functions/node_modules/firebase-admin/lib/index.js"} {"metadata":{"emulator":{"name":"functions"},"function":{"name":"us-central1-sendNotification"},"extension":{},"message":"[runtime-status] [58768] Resolved module firebase-admin {\"declared\":true,\"installed\":true,\"version\":\"12.0.0\",\"resolution\":\"/Users/weafrica/Desktop/weafrica-ride/admin-dashboard/functions/node_modules/firebase-admin/lib/index.js\"}"}}
[debug] [2026-06-29T13:22:28.763Z] [runtime-status] [58768] Resolved module firebase-functions {"declared":true,"installed":true,"version":"5.0.0","resolution":"/Users/weafrica/Desktop/weafrica-ride/admin-dashboard/functions/node_modules/firebase-functions/lib/v1/index.js"} {"metadata":{"emulator":{"name":"functions"},"function":{"name":"us-central1-sendNotification"},"extension":{},"message":"[runtime-status] [58768] Resolved module firebase-functions {\"declared\":true,\"installed\":true,\"version\":\"5.0.0\",\"resolution\":\"/Users/weafrica/Desktop/weafrica-ride/admin-dashboard/functions/node_modules/firebase-functions/lib/v1/index.js\"}"}}
[debug] [2026-06-29T13:22:28.764Z] [runtime-status] [58768] Outgoing network have been stubbed. [{"name":"http","status":"mocked"},{"name":"http","status":"mocked"},{"name":"https","status":"mocked"},{"name":"https","status":"mocked"},{"name":"net","status":"mocked"}] {"metadata":{"emulator":{"name":"functions"},"function":{"name":"us-central1-sendNotification"},"extension":{},"message":"[runtime-status] [58768] Outgoing network have been stubbed. [{\"name\":\"http\",\"status\":\"mocked\"},{\"name\":\"http\",\"status\":\"mocked\"},{\"name\":\"https\",\"status\":\"mocked\"},{\"name\":\"https\",\"status\":\"mocked\"},{\"name\":\"net\",\"status\":\"mocked\"}]"}}
[debug] [2026-06-29T13:22:28.766Z] [runtime-status] [58768] Resolved module firebase-functions {"declared":true,"installed":true,"version":"5.0.0","resolution":"/Users/weafrica/Desktop/weafrica-ride/admin-dashboard/functions/node_modules/firebase-functions/lib/v1/index.js"} {"metadata":{"emulator":{"name":"functions"},"function":{"name":"us-central1-sendNotification"},"extension":{},"message":"[runtime-status] [58768] Resolved module firebase-functions {\"declared\":true,\"installed\":true,\"version\":\"5.0.0\",\"resolution\":\"/Users/weafrica/Desktop/weafrica-ride/admin-dashboard/functions/node_modules/firebase-functions/lib/v1/index.js\"}"}}
[debug] [2026-06-29T13:22:29.614Z] [runtime-status] [58768] Checked functions.config() {"config":{}} {"metadata":{"emulator":{"name":"functions"},"function":{"name":"us-central1-sendNotification"},"extension":{},"message":"[runtime-status] [58768] Checked functions.config() {\"config\":{}}"}}
[debug] [2026-06-29T13:22:29.614Z] [runtime-status] [58768] firebase-functions has been stubbed. {"functionsResolution":{"declared":true,"installed":true,"version":"5.0.0","resolution":"/Users/weafrica/Desktop/weafrica-ride/admin-dashboard/functions/node_modules/firebase-functions/lib/v1/index.js"}} {"metadata":{"emulator":{"name":"functions"},"function":{"name":"us-central1-sendNotification"},"extension":{},"message":"[runtime-status] [58768] firebase-functions has been stubbed. {\"functionsResolution\":{\"declared\":true,\"installed\":true,\"version\":\"5.0.0\",\"resolution\":\"/Users/weafrica/Desktop/weafrica-ride/admin-dashboard/functions/node_modules/firebase-functions/lib/v1/index.js\"}}"}}
[debug] [2026-06-29T13:22:29.615Z] [runtime-status] [58768] Resolved module firebase-functions {"declared":true,"installed":true,"version":"5.0.0","resolution":"/Users/weafrica/Desktop/weafrica-ride/admin-dashboard/functions/node_modules/firebase-functions/lib/v1/index.js"} {"metadata":{"emulator":{"name":"functions"},"function":{"name":"us-central1-sendNotification"},"extension":{},"message":"[runtime-status] [58768] Resolved module firebase-functions {\"declared\":true,\"installed\":true,\"version\":\"5.0.0\",\"resolution\":\"/Users/weafrica/Desktop/weafrica-ride/admin-dashboard/functions/node_modules/firebase-functions/lib/v1/index.js\"}"}}
[debug] [2026-06-29T13:22:29.778Z] [runtime-status] [58768] Resolved module firebase-admin {"declared":true,"installed":true,"version":"12.0.0","resolution":"/Users/weafrica/Desktop/weafrica-ride/admin-dashboard/functions/node_modules/firebase-admin/lib/index.js"} {"metadata":{"emulator":{"name":"functions"},"function":{"name":"us-central1-sendNotification"},"extension":{},"message":"[runtime-status] [58768] Resolved module firebase-admin {\"declared\":true,\"installed\":true,\"version\":\"12.0.0\",\"resolution\":\"/Users/weafrica/Desktop/weafrica-ride/admin-dashboard/functions/node_modules/firebase-admin/lib/index.js\"}"}}
[debug] [2026-06-29T13:22:29.802Z] [runtime-status] [58768] Resolved module firebase-functions {"declared":true,"installed":true,"version":"5.0.0","resolution":"/Users/weafrica/Desktop/weafrica-ride/admin-dashboard/functions/node_modules/firebase-functions/lib/v1/index.js"} {"metadata":{"emulator":{"name":"functions"},"function":{"name":"us-central1-sendNotification"},"extension":{},"message":"[runtime-status] [58768] Resolved module firebase-functions {\"declared\":true,\"installed\":true,\"version\":\"5.0.0\",\"resolution\":\"/Users/weafrica/Desktop/weafrica-ride/admin-dashboard/functions/node_modules/firebase-functions/lib/v1/index.js\"}"}}
[debug] [2026-06-29T13:22:29.803Z] [runtime-status] [58768] firebase-admin has been stubbed. {"adminResolution":{"declared":true,"installed":true,"version":"12.0.0","resolution":"/Users/weafrica/Desktop/weafrica-ride/admin-dashboard/functions/node_modules/firebase-admin/lib/index.js"}} {"metadata":{"emulator":{"name":"functions"},"function":{"name":"us-central1-sendNotification"},"extension":{},"message":"[runtime-status] [58768] firebase-admin has been stubbed. {\"adminResolution\":{\"declared\":true,\"installed\":true,\"version\":\"12.0.0\",\"resolution\":\"/Users/weafrica/Desktop/weafrica-ride/admin-dashboard/functions/node_modules/firebase-admin/lib/index.js\"}}"}}
[debug] [2026-06-29T13:22:29.809Z] [runtime-status] [58768] initializeApp(DEFAULT) {"storageBucket":"weafrica-ride-703b9.firebasestorage.app","projectId":"weafrica-ride-703b9"} {"metadata":{"emulator":{"name":"functions"},"function":{"name":"us-central1-sendNotification"},"extension":{},"message":"[runtime-status] [58768] initializeApp(DEFAULT) {\"storageBucket\":\"weafrica-ride-703b9.firebasestorage.app\",\"projectId\":\"weafrica-ride-703b9\"}"}}
[debug] [2026-06-29T13:22:29.826Z] [runtime-status] [58768] Functions runtime initialized. {"cwd":"/Users/weafrica/Desktop/weafrica-ride/admin-dashboard/functions","node_version":"20.18.2"} {"metadata":{"emulator":{"name":"functions"},"function":{"name":"us-central1-sendNotification"},"extension":{},"message":"[runtime-status] [58768] Functions runtime initialized. {\"cwd\":\"/Users/weafrica/Desktop/weafrica-ride/admin-dashboard/functions\",\"node_version\":\"20.18.2\"}"}}
[debug] [2026-06-29T13:22:29.828Z] [runtime-status] [58768] Listening to port: /var/folders/1p/_gtws4dx0sv1l223h85jmcl00000gn/T/fire_emu_1e8717c6fe40eb13.sock {"metadata":{"emulator":{"name":"functions"},"function":{"name":"us-central1-sendNotification"},"extension":{},"message":"[runtime-status] [58768] Listening to port: /var/folders/1p/_gtws4dx0sv1l223h85jmcl00000gn/T/fire_emu_1e8717c6fe40eb13.sock"}}
[debug] [2026-06-29T13:22:29.940Z] [worker-us-central1-sendNotification-d4063e02-2029-4a8e-84e5-71433915f903]: IDLE {"metadata":{"emulator":{"name":"functions"},"function":{"name":"us-central1-sendNotification"},"extension":{},"message":"[worker-us-central1-sendNotification-d4063e02-2029-4a8e-84e5-71433915f903]: IDLE"}}
[debug] [2026-06-29T13:22:29.940Z] [worker-pool] submitRequest(triggerId=us-central1-sendNotification) {"metadata":{"emulator":{"name":"functions"},"message":"[worker-pool] submitRequest(triggerId=us-central1-sendNotification)"}}
[info] i  functions: Beginning execution of "us-central1-sendNotification" {"metadata":{"emulator":{"name":"functions"},"function":{"name":"us-central1-sendNotification"},"extension":{},"message":"Beginning execution of \"us-central1-sendNotification\""}}
[debug] [2026-06-29T13:22:29.942Z] [worker-us-central1-sendNotification-d4063e02-2029-4a8e-84e5-71433915f903]: BUSY {"metadata":{"emulator":{"name":"functions"},"function":{"name":"us-central1-sendNotification"},"extension":{},"message":"[worker-us-central1-sendNotification-d4063e02-2029-4a8e-84e5-71433915f903]: BUSY"}}
[info] >  {"verifications":{"app":"MISSING","auth":"MISSING"},"logging.googleapis.com/labels":{"firebase-log-type":"callable-request-verification"},"severity":"DEBUG","message":"Callable request verification passed"} {"user":{"verifications":{"app":"MISSING","auth":"MISSING"},"logging.googleapis.com/labels":{"firebase-log-type":"callable-request-verification"},"severity":"DEBUG","message":"Callable request verification passed"},"metadata":{"emulator":{"name":"functions"},"function":{"name":"us-central1-sendNotification"},"extension":{},"message":"\u001b[90m> \u001b[39m {\"verifications\":{\"app\":\"MISSING\",\"auth\":\"MISSING\"},\"logging.googleapis.com/labels\":{\"firebase-log-type\":\"callable-request-verification\"},\"severity\":\"DEBUG\",\"message\":\"Callable request verification passed\"}"}}
[debug] [2026-06-29T13:22:29.975Z] [runtime-status] [58768] No callable functions auth found {"metadata":{"emulator":{"name":"functions"},"function":{"name":"us-central1-sendNotification"},"extension":{},"message":"[runtime-status] [58768] No callable functions auth found"}}
[debug] [2026-06-29T13:22:29.988Z] Finishing up request with event=pause {"metadata":{"emulator":{"name":"functions"},"function":{"name":"us-central1-sendNotification"},"extension":{},"message":"Finishing up request with event=pause"}}
[info] i  functions: Finished "us-central1-sendNotification" in 51.413743ms {"metadata":{"emulator":{"name":"functions"},"function":{"name":"us-central1-sendNotification"},"extension":{},"message":"Finished \"us-central1-sendNotification\" in 51.413743ms"}}
[debug] [2026-06-29T13:22:29.994Z] [worker-us-central1-sendNotification-d4063e02-2029-4a8e-84e5-71433915f903]: IDLE {"metadata":{"emulator":{"name":"functions"},"function":{"name":"us-central1-sendNotification"},"extension":{},"message":"[worker-us-central1-sendNotification-d4063e02-2029-4a8e-84e5-71433915f903]: IDLE"}}
[debug] [2026-06-29T13:22:29.995Z] Finishing up request with event=finish {"metadata":{"emulator":{"name":"functions"},"function":{"name":"us-central1-sendNotification"},"extension":{},"message":"Finishing up request with event=finish"}}
[debug] [2026-06-29T13:22:30.011Z] Finishing up request with event=close {"metadata":{"emulator":{"name":"functions"},"function":{"name":"us-central1-sendNotification"},"extension":{},"message":"Finishing up request with event=close"}}
[debug] [2026-06-29T13:22:30.011Z] [work-queue] {"queuedWork":[],"queueLength":0,"runningWork":[],"workRunningCount":0}
[debug] [2026-06-29T13:22:38.874Z] [work-queue] {"queuedWork":["/weafrica-ride-703b9/us-central1/sendBroadcast-2026-06-29T13:22:38.874Z"],"queueLength":1,"runningWork":[],"workRunningCount":0}
[debug] [2026-06-29T13:22:38.874Z] [work-queue] {"queuedWork":[],"queueLength":0,"runningWork":["/weafrica-ride-703b9/us-central1/sendBroadcast-2026-06-29T13:22:38.874Z"],"workRunningCount":1}
[debug] [2026-06-29T13:22:38.874Z] Accepted request POST /weafrica-ride-703b9/us-central1/sendBroadcast --> us-central1-sendBroadcast
[debug] [2026-06-29T13:22:38.877Z] [functions] Runtime ready! Sending request! {"metadata":{"emulator":{"name":"functions"},"message":"[functions] Runtime ready! Sending request!"}}
[debug] [2026-06-29T13:22:38.878Z] [functions] Got req.url=/weafrica-ride-703b9/us-central1/sendBroadcast, mapping to path=/ {"metadata":{"emulator":{"name":"functions"},"message":"[functions] Got req.url=/weafrica-ride-703b9/us-central1/sendBroadcast, mapping to path=/"}}
[debug] [2026-06-29T13:22:38.967Z] [worker-pool] addWorker(us-central1-sendBroadcast) {"metadata":{"emulator":{"name":"functions"},"message":"[worker-pool] addWorker(us-central1-sendBroadcast)"}}
[debug] [2026-06-29T13:22:38.968Z] [worker-pool] Adding worker with key us-central1-sendBroadcast, total=1 {"metadata":{"emulator":{"name":"functions"},"message":"[worker-pool] Adding worker with key us-central1-sendBroadcast, total=1"}}
[debug] [2026-06-29T13:22:42.015Z] [runtime-status] [58995] Resolved module firebase-admin {"declared":true,"installed":true,"version":"12.0.0","resolution":"/Users/weafrica/Desktop/weafrica-ride/admin-dashboard/functions/node_modules/firebase-admin/lib/index.js"} {"metadata":{"emulator":{"name":"functions"},"function":{"name":"us-central1-sendBroadcast"},"extension":{},"message":"[runtime-status] [58995] Resolved module firebase-admin {\"declared\":true,\"installed\":true,\"version\":\"12.0.0\",\"resolution\":\"/Users/weafrica/Desktop/weafrica-ride/admin-dashboard/functions/node_modules/firebase-admin/lib/index.js\"}"}}
[debug] [2026-06-29T13:22:42.018Z] [runtime-status] [58995] Resolved module firebase-functions {"declared":true,"installed":true,"version":"5.0.0","resolution":"/Users/weafrica/Desktop/weafrica-ride/admin-dashboard/functions/node_modules/firebase-functions/lib/v1/index.js"} {"metadata":{"emulator":{"name":"functions"},"function":{"name":"us-central1-sendBroadcast"},"extension":{},"message":"[runtime-status] [58995] Resolved module firebase-functions {\"declared\":true,\"installed\":true,\"version\":\"5.0.0\",\"resolution\":\"/Users/weafrica/Desktop/weafrica-ride/admin-dashboard/functions/node_modules/firebase-functions/lib/v1/index.js\"}"}}
[debug] [2026-06-29T13:22:42.019Z] [runtime-status] [58995] Outgoing network have been stubbed. [{"name":"http","status":"mocked"},{"name":"http","status":"mocked"},{"name":"https","status":"mocked"},{"name":"https","status":"mocked"},{"name":"net","status":"mocked"}] {"metadata":{"emulator":{"name":"functions"},"function":{"name":"us-central1-sendBroadcast"},"extension":{},"message":"[runtime-status] [58995] Outgoing network have been stubbed. [{\"name\":\"http\",\"status\":\"mocked\"},{\"name\":\"http\",\"status\":\"mocked\"},{\"name\":\"https\",\"status\":\"mocked\"},{\"name\":\"https\",\"status\":\"mocked\"},{\"name\":\"net\",\"status\":\"mocked\"}]"}}
[debug] [2026-06-29T13:22:42.020Z] [runtime-status] [58995] Resolved module firebase-functions {"declared":true,"installed":true,"version":"5.0.0","resolution":"/Users/weafrica/Desktop/weafrica-ride/admin-dashboard/functions/node_modules/firebase-functions/lib/v1/index.js"} {"metadata":{"emulator":{"name":"functions"},"function":{"name":"us-central1-sendBroadcast"},"extension":{},"message":"[runtime-status] [58995] Resolved module firebase-functions {\"declared\":true,\"installed\":true,\"version\":\"5.0.0\",\"resolution\":\"/Users/weafrica/Desktop/weafrica-ride/admin-dashboard/functions/node_modules/firebase-functions/lib/v1/index.js\"}"}}
[debug] [2026-06-29T13:22:42.599Z] [runtime-status] [58995] Checked functions.config() {"config":{}} {"metadata":{"emulator":{"name":"functions"},"function":{"name":"us-central1-sendBroadcast"},"extension":{},"message":"[runtime-status] [58995] Checked functions.config() {\"config\":{}}"}}
[debug] [2026-06-29T13:22:42.599Z] [runtime-status] [58995] firebase-functions has been stubbed. {"functionsResolution":{"declared":true,"installed":true,"version":"5.0.0","resolution":"/Users/weafrica/Desktop/weafrica-ride/admin-dashboard/functions/node_modules/firebase-functions/lib/v1/index.js"}} {"metadata":{"emulator":{"name":"functions"},"function":{"name":"us-central1-sendBroadcast"},"extension":{},"message":"[runtime-status] [58995] firebase-functions has been stubbed. {\"functionsResolution\":{\"declared\":true,\"installed\":true,\"version\":\"5.0.0\",\"resolution\":\"/Users/weafrica/Desktop/weafrica-ride/admin-dashboard/functions/node_modules/firebase-functions/lib/v1/index.js\"}}"}}
[debug] [2026-06-29T13:22:42.600Z] [runtime-status] [58995] Resolved module firebase-functions {"declared":true,"installed":true,"version":"5.0.0","resolution":"/Users/weafrica/Desktop/weafrica-ride/admin-dashboard/functions/node_modules/firebase-functions/lib/v1/index.js"} {"metadata":{"emulator":{"name":"functions"},"function":{"name":"us-central1-sendBroadcast"},"extension":{},"message":"[runtime-status] [58995] Resolved module firebase-functions {\"declared\":true,\"installed\":true,\"version\":\"5.0.0\",\"resolution\":\"/Users/weafrica/Desktop/weafrica-ride/admin-dashboard/functions/node_modules/firebase-functions/lib/v1/index.js\"}"}}
[debug] [2026-06-29T13:22:42.601Z] [runtime-status] [58995] Resolved module firebase-admin {"declared":true,"installed":true,"version":"12.0.0","resolution":"/Users/weafrica/Desktop/weafrica-ride/admin-dashboard/functions/node_modules/firebase-admin/lib/index.js"} {"metadata":{"emulator":{"name":"functions"},"function":{"name":"us-central1-sendBroadcast"},"extension":{},"message":"[runtime-status] [58995] Resolved module firebase-admin {\"declared\":true,\"installed\":true,\"version\":\"12.0.0\",\"resolution\":\"/Users/weafrica/Desktop/weafrica-ride/admin-dashboard/functions/node_modules/firebase-admin/lib/index.js\"}"}}
[debug] [2026-06-29T13:22:42.605Z] [runtime-status] [58995] Resolved module firebase-functions {"declared":true,"installed":true,"version":"5.0.0","resolution":"/Users/weafrica/Desktop/weafrica-ride/admin-dashboard/functions/node_modules/firebase-functions/lib/v1/index.js"} {"metadata":{"emulator":{"name":"functions"},"function":{"name":"us-central1-sendBroadcast"},"extension":{},"message":"[runtime-status] [58995] Resolved module firebase-functions {\"declared\":true,\"installed\":true,\"version\":\"5.0.0\",\"resolution\":\"/Users/weafrica/Desktop/weafrica-ride/admin-dashboard/functions/node_modules/firebase-functions/lib/v1/index.js\"}"}}
[debug] [2026-06-29T13:22:42.606Z] [runtime-status] [58995] firebase-admin has been stubbed. {"adminResolution":{"declared":true,"installed":true,"version":"12.0.0","resolution":"/Users/weafrica/Desktop/weafrica-ride/admin-dashboard/functions/node_modules/firebase-admin/lib/index.js"}} {"metadata":{"emulator":{"name":"functions"},"function":{"name":"us-central1-sendBroadcast"},"extension":{},"message":"[runtime-status] [58995] firebase-admin has been stubbed. {\"adminResolution\":{\"declared\":true,\"installed\":true,\"version\":\"12.0.0\",\"resolution\":\"/Users/weafrica/Desktop/weafrica-ride/admin-dashboard/functions/node_modules/firebase-admin/lib/index.js\"}}"}}
[debug] [2026-06-29T13:22:42.610Z] [runtime-status] [58995] initializeApp(DEFAULT) {"storageBucket":"weafrica-ride-703b9.firebasestorage.app","projectId":"weafrica-ride-703b9"} {"metadata":{"emulator":{"name":"functions"},"function":{"name":"us-central1-sendBroadcast"},"extension":{},"message":"[runtime-status] [58995] initializeApp(DEFAULT) {\"storageBucket\":\"weafrica-ride-703b9.firebasestorage.app\",\"projectId\":\"weafrica-ride-703b9\"}"}}
[debug] [2026-06-29T13:22:42.621Z] [runtime-status] [58995] Functions runtime initialized. {"cwd":"/Users/weafrica/Desktop/weafrica-ride/admin-dashboard/functions","node_version":"20.18.2"} {"metadata":{"emulator":{"name":"functions"},"function":{"name":"us-central1-sendBroadcast"},"extension":{},"message":"[runtime-status] [58995] Functions runtime initialized. {\"cwd\":\"/Users/weafrica/Desktop/weafrica-ride/admin-dashboard/functions\",\"node_version\":\"20.18.2\"}"}}
[debug] [2026-06-29T13:22:42.624Z] [runtime-status] [58995] Listening to port: /var/folders/1p/_gtws4dx0sv1l223h85jmcl00000gn/T/fire_emu_f442974e3449d18a.sock {"metadata":{"emulator":{"name":"functions"},"function":{"name":"us-central1-sendBroadcast"},"extension":{},"message":"[runtime-status] [58995] Listening to port: /var/folders/1p/_gtws4dx0sv1l223h85jmcl00000gn/T/fire_emu_f442974e3449d18a.sock"}}
[debug] [2026-06-29T13:22:42.684Z] [worker-us-central1-sendBroadcast-894f7651-f089-4df9-b831-63a2a9fdb58d]: IDLE {"metadata":{"emulator":{"name":"functions"},"function":{"name":"us-central1-sendBroadcast"},"extension":{},"message":"[worker-us-central1-sendBroadcast-894f7651-f089-4df9-b831-63a2a9fdb58d]: IDLE"}}
[debug] [2026-06-29T13:22:42.685Z] [worker-pool] submitRequest(triggerId=us-central1-sendBroadcast) {"metadata":{"emulator":{"name":"functions"},"message":"[worker-pool] submitRequest(triggerId=us-central1-sendBroadcast)"}}
[info] i  functions: Beginning execution of "us-central1-sendBroadcast" {"metadata":{"emulator":{"name":"functions"},"function":{"name":"us-central1-sendBroadcast"},"extension":{},"message":"Beginning execution of \"us-central1-sendBroadcast\""}}
[debug] [2026-06-29T13:22:42.685Z] [worker-us-central1-sendBroadcast-894f7651-f089-4df9-b831-63a2a9fdb58d]: BUSY {"metadata":{"emulator":{"name":"functions"},"function":{"name":"us-central1-sendBroadcast"},"extension":{},"message":"[worker-us-central1-sendBroadcast-894f7651-f089-4df9-b831-63a2a9fdb58d]: BUSY"}}
[info] >  {"verifications":{"app":"MISSING","auth":"MISSING"},"logging.googleapis.com/labels":{"firebase-log-type":"callable-request-verification"},"severity":"DEBUG","message":"Callable request verification passed"} {"user":{"verifications":{"app":"MISSING","auth":"MISSING"},"logging.googleapis.com/labels":{"firebase-log-type":"callable-request-verification"},"severity":"DEBUG","message":"Callable request verification passed"},"metadata":{"emulator":{"name":"functions"},"function":{"name":"us-central1-sendBroadcast"},"extension":{},"message":"\u001b[90m> \u001b[39m {\"verifications\":{\"app\":\"MISSING\",\"auth\":\"MISSING\"},\"logging.googleapis.com/labels\":{\"firebase-log-type\":\"callable-request-verification\"},\"severity\":\"DEBUG\",\"message\":\"Callable request verification passed\"}"}}
[debug] [2026-06-29T13:22:42.751Z] [runtime-status] [58995] No callable functions auth found {"metadata":{"emulator":{"name":"functions"},"function":{"name":"us-central1-sendBroadcast"},"extension":{},"message":"[runtime-status] [58995] No callable functions auth found"}}
[debug] [2026-06-29T13:22:42.755Z] Finishing up request with event=pause {"metadata":{"emulator":{"name":"functions"},"function":{"name":"us-central1-sendBroadcast"},"extension":{},"message":"Finishing up request with event=pause"}}
[info] i  functions: Finished "us-central1-sendBroadcast" in 70.471409ms {"metadata":{"emulator":{"name":"functions"},"function":{"name":"us-central1-sendBroadcast"},"extension":{},"message":"Finished \"us-central1-sendBroadcast\" in 70.471409ms"}}
[debug] [2026-06-29T13:22:42.756Z] [worker-us-central1-sendBroadcast-894f7651-f089-4df9-b831-63a2a9fdb58d]: IDLE {"metadata":{"emulator":{"name":"functions"},"function":{"name":"us-central1-sendBroadcast"},"extension":{},"message":"[worker-us-central1-sendBroadcast-894f7651-f089-4df9-b831-63a2a9fdb58d]: IDLE"}}
[debug] [2026-06-29T13:22:42.756Z] Finishing up request with event=finish {"metadata":{"emulator":{"name":"functions"},"function":{"name":"us-central1-sendBroadcast"},"extension":{},"message":"Finishing up request with event=finish"}}
[debug] [2026-06-29T13:22:42.756Z] Finishing up request with event=close {"metadata":{"emulator":{"name":"functions"},"function":{"name":"us-central1-sendBroadcast"},"extension":{},"message":"Finishing up request with event=close"}}
[debug] [2026-06-29T13:22:42.759Z] [work-queue] {"queuedWork":[],"queueLength":0,"runningWork":[],"workRunningCount":0}
[debug] [2026-06-29T13:22:54.424Z] [work-queue] {"queuedWork":["/weafrica-ride-703b9/us-central1/getNotificationHistory-2026-06-29T13:22:54.424Z"],"queueLength":1,"runningWork":[],"workRunningCount":0}
[debug] [2026-06-29T13:22:54.425Z] [work-queue] {"queuedWork":[],"queueLength":0,"runningWork":["/weafrica-ride-703b9/us-central1/getNotificationHistory-2026-06-29T13:22:54.424Z"],"workRunningCount":1}
[debug] [2026-06-29T13:22:54.425Z] Accepted request POST /weafrica-ride-703b9/us-central1/getNotificationHistory --> us-central1-getNotificationHistory
[debug] [2026-06-29T13:22:54.433Z] [functions] Runtime ready! Sending request! {"metadata":{"emulator":{"name":"functions"},"message":"[functions] Runtime ready! Sending request!"}}
[debug] [2026-06-29T13:22:54.434Z] [functions] Got req.url=/weafrica-ride-703b9/us-central1/getNotificationHistory, mapping to path=/ {"metadata":{"emulator":{"name":"functions"},"message":"[functions] Got req.url=/weafrica-ride-703b9/us-central1/getNotificationHistory, mapping to path=/"}}
[debug] [2026-06-29T13:22:54.541Z] [worker-pool] addWorker(us-central1-getNotificationHistory) {"metadata":{"emulator":{"name":"functions"},"message":"[worker-pool] addWorker(us-central1-getNotificationHistory)"}}
[debug] [2026-06-29T13:22:54.541Z] [worker-pool] Adding worker with key us-central1-getNotificationHistory, total=1 {"metadata":{"emulator":{"name":"functions"},"message":"[worker-pool] Adding worker with key us-central1-getNotificationHistory, total=1"}}
[debug] [2026-06-29T13:22:57.684Z] [runtime-status] [59202] Resolved module firebase-admin {"declared":true,"installed":true,"version":"12.0.0","resolution":"/Users/weafrica/Desktop/weafrica-ride/admin-dashboard/functions/node_modules/firebase-admin/lib/index.js"} {"metadata":{"emulator":{"name":"functions"},"function":{"name":"us-central1-getNotificationHistory"},"extension":{},"message":"[runtime-status] [59202] Resolved module firebase-admin {\"declared\":true,\"installed\":true,\"version\":\"12.0.0\",\"resolution\":\"/Users/weafrica/Desktop/weafrica-ride/admin-dashboard/functions/node_modules/firebase-admin/lib/index.js\"}"}}
[debug] [2026-06-29T13:22:57.685Z] [runtime-status] [59202] Resolved module firebase-functions {"declared":true,"installed":true,"version":"5.0.0","resolution":"/Users/weafrica/Desktop/weafrica-ride/admin-dashboard/functions/node_modules/firebase-functions/lib/v1/index.js"} {"metadata":{"emulator":{"name":"functions"},"function":{"name":"us-central1-getNotificationHistory"},"extension":{},"message":"[runtime-status] [59202] Resolved module firebase-functions {\"declared\":true,\"installed\":true,\"version\":\"5.0.0\",\"resolution\":\"/Users/weafrica/Desktop/weafrica-ride/admin-dashboard/functions/node_modules/firebase-functions/lib/v1/index.js\"}"}}
[debug] [2026-06-29T13:22:57.689Z] [runtime-status] [59202] Outgoing network have been stubbed. [{"name":"http","status":"mocked"},{"name":"http","status":"mocked"},{"name":"https","status":"mocked"},{"name":"https","status":"mocked"},{"name":"net","status":"mocked"}] {"metadata":{"emulator":{"name":"functions"},"function":{"name":"us-central1-getNotificationHistory"},"extension":{},"message":"[runtime-status] [59202] Outgoing network have been stubbed. [{\"name\":\"http\",\"status\":\"mocked\"},{\"name\":\"http\",\"status\":\"mocked\"},{\"name\":\"https\",\"status\":\"mocked\"},{\"name\":\"https\",\"status\":\"mocked\"},{\"name\":\"net\",\"status\":\"mocked\"}]"}}
[debug] [2026-06-29T13:22:57.689Z] [runtime-status] [59202] Resolved module firebase-functions {"declared":true,"installed":true,"version":"5.0.0","resolution":"/Users/weafrica/Desktop/weafrica-ride/admin-dashboard/functions/node_modules/firebase-functions/lib/v1/index.js"} {"metadata":{"emulator":{"name":"functions"},"function":{"name":"us-central1-getNotificationHistory"},"extension":{},"message":"[runtime-status] [59202] Resolved module firebase-functions {\"declared\":true,\"installed\":true,\"version\":\"5.0.0\",\"resolution\":\"/Users/weafrica/Desktop/weafrica-ride/admin-dashboard/functions/node_modules/firebase-functions/lib/v1/index.js\"}"}}
[debug] [2026-06-29T13:22:58.312Z] [runtime-status] [59202] Checked functions.config() {"config":{}} {"metadata":{"emulator":{"name":"functions"},"function":{"name":"us-central1-getNotificationHistory"},"extension":{},"message":"[runtime-status] [59202] Checked functions.config() {\"config\":{}}"}}
[debug] [2026-06-29T13:22:58.312Z] [runtime-status] [59202] firebase-functions has been stubbed. {"functionsResolution":{"declared":true,"installed":true,"version":"5.0.0","resolution":"/Users/weafrica/Desktop/weafrica-ride/admin-dashboard/functions/node_modules/firebase-functions/lib/v1/index.js"}} {"metadata":{"emulator":{"name":"functions"},"function":{"name":"us-central1-getNotificationHistory"},"extension":{},"message":"[runtime-status] [59202] firebase-functions has been stubbed. {\"functionsResolution\":{\"declared\":true,\"installed\":true,\"version\":\"5.0.0\",\"resolution\":\"/Users/weafrica/Desktop/weafrica-ride/admin-dashboard/functions/node_modules/firebase-functions/lib/v1/index.js\"}}"}}
[debug] [2026-06-29T13:22:58.313Z] [runtime-status] [59202] Resolved module firebase-functions {"declared":true,"installed":true,"version":"5.0.0","resolution":"/Users/weafrica/Desktop/weafrica-ride/admin-dashboard/functions/node_modules/firebase-functions/lib/v1/index.js"} {"metadata":{"emulator":{"name":"functions"},"function":{"name":"us-central1-getNotificationHistory"},"extension":{},"message":"[runtime-status] [59202] Resolved module firebase-functions {\"declared\":true,\"installed\":true,\"version\":\"5.0.0\",\"resolution\":\"/Users/weafrica/Desktop/weafrica-ride/admin-dashboard/functions/node_modules/firebase-functions/lib/v1/index.js\"}"}}
[debug] [2026-06-29T13:22:58.314Z] [runtime-status] [59202] Resolved module firebase-admin {"declared":true,"installed":true,"version":"12.0.0","resolution":"/Users/weafrica/Desktop/weafrica-ride/admin-dashboard/functions/node_modules/firebase-admin/lib/index.js"} {"metadata":{"emulator":{"name":"functions"},"function":{"name":"us-central1-getNotificationHistory"},"extension":{},"message":"[runtime-status] [59202] Resolved module firebase-admin {\"declared\":true,\"installed\":true,\"version\":\"12.0.0\",\"resolution\":\"/Users/weafrica/Desktop/weafrica-ride/admin-dashboard/functions/node_modules/firebase-admin/lib/index.js\"}"}}
[debug] [2026-06-29T13:22:58.318Z] [runtime-status] [59202] Resolved module firebase-functions {"declared":true,"installed":true,"version":"5.0.0","resolution":"/Users/weafrica/Desktop/weafrica-ride/admin-dashboard/functions/node_modules/firebase-functions/lib/v1/index.js"} {"metadata":{"emulator":{"name":"functions"},"function":{"name":"us-central1-getNotificationHistory"},"extension":{},"message":"[runtime-status] [59202] Resolved module firebase-functions {\"declared\":true,\"installed\":true,\"version\":\"5.0.0\",\"resolution\":\"/Users/weafrica/Desktop/weafrica-ride/admin-dashboard/functions/node_modules/firebase-functions/lib/v1/index.js\"}"}}
[debug] [2026-06-29T13:22:58.319Z] [runtime-status] [59202] firebase-admin has been stubbed. {"adminResolution":{"declared":true,"installed":true,"version":"12.0.0","resolution":"/Users/weafrica/Desktop/weafrica-ride/admin-dashboard/functions/node_modules/firebase-admin/lib/index.js"}} {"metadata":{"emulator":{"name":"functions"},"function":{"name":"us-central1-getNotificationHistory"},"extension":{},"message":"[runtime-status] [59202] firebase-admin has been stubbed. {\"adminResolution\":{\"declared\":true,\"installed\":true,\"version\":\"12.0.0\",\"resolution\":\"/Users/weafrica/Desktop/weafrica-ride/admin-dashboard/functions/node_modules/firebase-admin/lib/index.js\"}}"}}
[debug] [2026-06-29T13:22:58.326Z] [runtime-status] [59202] initializeApp(DEFAULT) {"storageBucket":"weafrica-ride-703b9.firebasestorage.app","projectId":"weafrica-ride-703b9"} {"metadata":{"emulator":{"name":"functions"},"function":{"name":"us-central1-getNotificationHistory"},"extension":{},"message":"[runtime-status] [59202] initializeApp(DEFAULT) {\"storageBucket\":\"weafrica-ride-703b9.firebasestorage.app\",\"projectId\":\"weafrica-ride-703b9\"}"}}
[debug] [2026-06-29T13:22:58.335Z] [runtime-status] [59202] Functions runtime initialized. {"cwd":"/Users/weafrica/Desktop/weafrica-ride/admin-dashboard/functions","node_version":"20.18.2"} {"metadata":{"emulator":{"name":"functions"},"function":{"name":"us-central1-getNotificationHistory"},"extension":{},"message":"[runtime-status] [59202] Functions runtime initialized. {\"cwd\":\"/Users/weafrica/Desktop/weafrica-ride/admin-dashboard/functions\",\"node_version\":\"20.18.2\"}"}}
[debug] [2026-06-29T13:22:58.336Z] [runtime-status] [59202] Listening to port: /var/folders/1p/_gtws4dx0sv1l223h85jmcl00000gn/T/fire_emu_bdd89e05f7f2e71c.sock {"metadata":{"emulator":{"name":"functions"},"function":{"name":"us-central1-getNotificationHistory"},"extension":{},"message":"[runtime-status] [59202] Listening to port: /var/folders/1p/_gtws4dx0sv1l223h85jmcl00000gn/T/fire_emu_bdd89e05f7f2e71c.sock"}}
[debug] [2026-06-29T13:22:58.371Z] [worker-us-central1-getNotificationHistory-8b9bea23-92c0-4ad3-ac4f-d20a963d2811]: IDLE {"metadata":{"emulator":{"name":"functions"},"function":{"name":"us-central1-getNotificationHistory"},"extension":{},"message":"[worker-us-central1-getNotificationHistory-8b9bea23-92c0-4ad3-ac4f-d20a963d2811]: IDLE"}}
[debug] [2026-06-29T13:22:58.374Z] [worker-pool] submitRequest(triggerId=us-central1-getNotificationHistory) {"metadata":{"emulator":{"name":"functions"},"message":"[worker-pool] submitRequest(triggerId=us-central1-getNotificationHistory)"}}
[info] i  functions: Beginning execution of "us-central1-getNotificationHistory" {"metadata":{"emulator":{"name":"functions"},"function":{"name":"us-central1-getNotificationHistory"},"extension":{},"message":"Beginning execution of \"us-central1-getNotificationHistory\""}}
[debug] [2026-06-29T13:22:58.375Z] [worker-us-central1-getNotificationHistory-8b9bea23-92c0-4ad3-ac4f-d20a963d2811]: BUSY {"metadata":{"emulator":{"name":"functions"},"function":{"name":"us-central1-getNotificationHistory"},"extension":{},"message":"[worker-us-central1-getNotificationHistory-8b9bea23-92c0-4ad3-ac4f-d20a963d2811]: BUSY"}}
[info] >  {"verifications":{"app":"MISSING","auth":"MISSING"},"logging.googleapis.com/labels":{"firebase-log-type":"callable-request-verification"},"severity":"DEBUG","message":"Callable request verification passed"} {"user":{"verifications":{"app":"MISSING","auth":"MISSING"},"logging.googleapis.com/labels":{"firebase-log-type":"callable-request-verification"},"severity":"DEBUG","message":"Callable request verification passed"},"metadata":{"emulator":{"name":"functions"},"function":{"name":"us-central1-getNotificationHistory"},"extension":{},"message":"\u001b[90m> \u001b[39m {\"verifications\":{\"app\":\"MISSING\",\"auth\":\"MISSING\"},\"logging.googleapis.com/labels\":{\"firebase-log-type\":\"callable-request-verification\"},\"severity\":\"DEBUG\",\"message\":\"Callable request verification passed\"}"}}
[debug] [2026-06-29T13:22:58.414Z] [runtime-status] [59202] No callable functions auth found {"metadata":{"emulator":{"name":"functions"},"function":{"name":"us-central1-getNotificationHistory"},"extension":{},"message":"[runtime-status] [59202] No callable functions auth found"}}
[debug] [2026-06-29T13:22:58.424Z] Finishing up request with event=pause {"metadata":{"emulator":{"name":"functions"},"function":{"name":"us-central1-getNotificationHistory"},"extension":{},"message":"Finishing up request with event=pause"}}
[info] i  functions: Finished "us-central1-getNotificationHistory" in 49.260496ms {"metadata":{"emulator":{"name":"functions"},"function":{"name":"us-central1-getNotificationHistory"},"extension":{},"message":"Finished \"us-central1-getNotificationHistory\" in 49.260496ms"}}
[debug] [2026-06-29T13:22:58.425Z] [worker-us-central1-getNotificationHistory-8b9bea23-92c0-4ad3-ac4f-d20a963d2811]: IDLE {"metadata":{"emulator":{"name":"functions"},"function":{"name":"us-central1-getNotificationHistory"},"extension":{},"message":"[worker-us-central1-getNotificationHistory-8b9bea23-92c0-4ad3-ac4f-d20a963d2811]: IDLE"}}
[debug] [2026-06-29T13:22:58.425Z] Finishing up request with event=finish {"metadata":{"emulator":{"name":"functions"},"function":{"name":"us-central1-getNotificationHistory"},"extension":{},"message":"Finishing up request with event=finish"}}
[debug] [2026-06-29T13:22:58.425Z] Finishing up request with event=close {"metadata":{"emulator":{"name":"functions"},"function":{"name":"us-central1-getNotificationHistory"},"extension":{},"message":"Finishing up request with event=close"}}
[debug] [2026-06-29T13:22:58.426Z] [work-queue] {"queuedWork":[],"queueLength":0,"runningWork":[],"workRunningCount":0}
[debug] [2026-06-29T13:26:17.258Z] Received signal SIGHUP 1
[info]  
[info] i  emulators: Received SIGHUP for the first time. Starting a clean shutdown. 
[info] i  emulators: Please wait for a clean shutdown or send the SIGHUP signal again to stop right now. 
[debug] [2026-06-29T13:26:17.305Z] Error: write EIO
    at afterWriteDispatched (node:internal/stream_base_commons:161:15)
    at writeGeneric (node:internal/stream_base_commons:152:3)
    at Socket._writeGeneric (node:net:958:11)
    at Socket._write (node:net:970:8)
    at writeOrBuffer (node:internal/streams/writable:572:12)
    at _write (node:internal/streams/writable:501:10)
    at Writable.write (node:internal/streams/writable:510:10)
    at Console.log (/Users/weafrica/.cache/firebase/tools/lib/node_modules/winston/lib/winston/transports/console.js:87:23)
    at Console._write (/Users/weafrica/.cache/firebase/tools/lib/node_modules/winston-transport/modern.js:103:17)
    at doWrite (/Users/weafrica/.cache/firebase/tools/lib/node_modules/winston-transport/node_modules/readable-stream/lib/_stream_writable.js:390:139)
[error] 
[error] Error: An unexpected error has occurred.
[debug] [2026-06-29T13:26:17.307Z] Error: write EIO
    at afterWriteDispatched (node:internal/stream_base_commons:161:15)
    at writeGeneric (node:internal/stream_base_commons:152:3)
    at Socket._writeGeneric (node:net:958:11)
    at Socket._write (node:net:970:8)
    at writeOrBuffer (node:internal/streams/writable:572:12)
    at _write (node:internal/streams/writable:501:10)
    at Writable.write (node:internal/streams/writable:510:10)
    at Console.log (/Users/weafrica/.cache/firebase/tools/lib/node_modules/winston/lib/winston/transports/console.js:87:23)
    at Console._write (/Users/weafrica/.cache/firebase/tools/lib/node_modules/winston-transport/modern.js:103:17)
    at doWrite (/Users/weafrica/.cache/firebase/tools/lib/node_modules/winston-transport/node_modules/readable-stream/lib/_stream_writable.js:390:139)
[error] 
[error] Error: An unexpected error has occurred.
[debug] [2026-06-29T13:26:17.308Z] Error: write EIO
    at afterWriteDispatched (node:internal/stream_base_commons:161:15)
    at writeGeneric (node:internal/stream_base_commons:152:3)
    at Socket._writeGeneric (node:net:958:11)
    at Socket._write (node:net:970:8)
    at writeOrBuffer (node:internal/streams/writable:572:12)
    at _write (node:internal/streams/writable:501:10)
    at Writable.write (node:internal/streams/writable:510:10)
    at Console.log (/Users/weafrica/.cache/firebase/tools/lib/node_modules/winston/lib/winston/transports/console.js:87:23)
    at Console._write (/Users/weafrica/.cache/firebase/tools/lib/node_modules/winston-transport/modern.js:103:17)
    at doWrite (/Users/weafrica/.cache/firebase/tools/lib/node_modules/winston-transport/node_modules/readable-stream/lib/_stream_writable.js:390:139)
[error] 
[error] Error: An unexpected error has occurred.
[debug] [2026-06-29T13:26:17.312Z] Error: write EIO
    at afterWriteDispatched (node:internal/stream_base_commons:161:15)
    at writeGeneric (node:internal/stream_base_commons:152:3)
    at Socket._writeGeneric (node:net:958:11)
    at Socket._write (node:net:970:8)
    at writeOrBuffer (node:internal/streams/writable:572:12)
    at _write (node:internal/streams/writable:501:10)
    at Writable.write (node:internal/streams/writable:510:10)
    at Console.log (/Users/weafrica/.cache/firebase/tools/lib/node_modules/winston/lib/winston/transports/console.js:87:23)
    at Console._write (/Users/weafrica/.cache/firebase/tools/lib/node_modules/winston-transport/modern.js:103:17)
    at doWrite (/Users/weafrica/.cache/firebase/tools/lib/node_modules/winston-transport/node_modules/readable-stream/lib/_stream_writable.js:390:139)
[error] 
[error] Error: An unexpected error has occurred.
[debug] [2026-06-29T13:26:17.313Z] Error: write EIO
    at afterWriteDispatched (node:internal/stream_base_commons:161:15)
    at writeGeneric (node:internal/stream_base_commons:152:3)
    at Socket._writeGeneric (node:net:958:11)
    at Socket._write (node:net:970:8)
    at writeOrBuffer (node:internal/streams/writable:572:12)
    at _write (node:internal/streams/writable:501:10)
    at Writable.write (node:internal/streams/writable:510:10)
    at Console.log (/Users/weafrica/.cache/firebase/tools/lib/node_modules/winston/lib/winston/transports/console.js:87:23)
    at Console._write (/Users/weafrica/.cache/firebase/tools/lib/node_modules/winston-transport/modern.js:103:17)
    at doWrite (/Users/weafrica/.cache/firebase/tools/lib/node_modules/winston-transport/node_modules/readable-stream/lib/_stream_writable.js:390:139)
[error] 
[error] Error: An unexpected error has occurred.
[debug] [2026-06-29T13:26:17.314Z] Error: write EIO
    at afterWriteDispatched (node:internal/stream_base_commons:161:15)
    at writeGeneric (node:internal/stream_base_commons:152:3)
    at Socket._writeGeneric (node:net:958:11)
    at Socket._write (node:net:970:8)
    at writeOrBuffer (node:internal/streams/writable:572:12)
    at _write (node:internal/streams/writable:501:10)
    at Writable.write (node:internal/streams/writable:510:10)
    at Console.log (/Users/weafrica/.cache/firebase/tools/lib/node_modules/winston/lib/winston/transports/console.js:87:23)
    at Console._write (/Users/weafrica/.cache/firebase/tools/lib/node_modules/winston-transport/modern.js:103:17)
    at doWrite (/Users/weafrica/.cache/firebase/tools/lib/node_modules/winston-transport/node_modules/readable-stream/lib/_stream_writable.js:390:139)
[error] 
[error] Error: An unexpected error has occurred.
[debug] [2026-06-29T13:26:17.314Z] Error: write EIO
    at afterWriteDispatched (node:internal/stream_base_commons:161:15)
    at writeGeneric (node:internal/stream_base_commons:152:3)
    at Socket._writeGeneric (node:net:958:11)
    at Socket._write (node:net:970:8)
    at writeOrBuffer (node:internal/streams/writable:572:12)
    at _write (node:internal/streams/writable:501:10)
    at Writable.write (node:internal/streams/writable:510:10)
    at Console.log (/Users/weafrica/.cache/firebase/tools/lib/node_modules/winston/lib/winston/transports/console.js:87:23)
    at Console._write (/Users/weafrica/.cache/firebase/tools/lib/node_modules/winston-transport/modern.js:103:17)
    at doWrite (/Users/weafrica/.cache/firebase/tools/lib/node_modules/winston-transport/node_modules/readable-stream/lib/_stream_writable.js:390:139)
[error] 
[error] Error: An unexpected error has occurred.
[debug] [2026-06-29T13:26:17.315Z] Error: write EIO
    at afterWriteDispatched (node:internal/stream_base_commons:161:15)
    at writeGeneric (node:internal/stream_base_commons:152:3)
    at Socket._writeGeneric (node:net:958:11)
    at Socket._write (node:net:970:8)
    at writeOrBuffer (node:internal/streams/writable:572:12)
    at _write (node:internal/streams/writable:501:10)
    at Writable.write (node:internal/streams/writable:510:10)
    at Console.log (/Users/weafrica/.cache/firebase/tools/lib/node_modules/winston/lib/winston/transports/console.js:87:23)
    at Console._write (/Users/weafrica/.cache/firebase/tools/lib/node_modules/winston-transport/modern.js:103:17)
    at doWrite (/Users/weafrica/.cache/firebase/tools/lib/node_modules/winston-transport/node_modules/readable-stream/lib/_stream_writable.js:390:139)
[error] 
[error] Error: An unexpected error has occurred.
[debug] [2026-06-29T13:26:17.316Z] Error: write EIO
    at afterWriteDispatched (node:internal/stream_base_commons:161:15)
    at writeGeneric (node:internal/stream_base_commons:152:3)
    at Socket._writeGeneric (node:net:958:11)
    at Socket._write (node:net:970:8)
    at writeOrBuffer (node:internal/streams/writable:572:12)
    at _write (node:internal/streams/writable:501:10)
    at Writable.write (node:internal/streams/writable:510:10)
    at Console.log (/Users/weafrica/.cache/firebase/tools/lib/node_modules/winston/lib/winston/transports/console.js:87:23)
    at Console._write (/Users/weafrica/.cache/firebase/tools/lib/node_modules/winston-transport/modern.js:103:17)
    at doWrite (/Users/weafrica/.cache/firebase/tools/lib/node_modules/winston-transport/node_modules/readable-stream/lib/_stream_writable.js:390:139)
[error] 
[error] Error: An unexpected error has occurred.
[debug] [2026-06-29T13:26:17.316Z] Error: write EIO
    at afterWriteDispatched (node:internal/stream_base_commons:161:15)
    at writeGeneric (node:internal/stream_base_commons:152:3)
    at Socket._writeGeneric (node:net:958:11)
    at Socket._write (node:net:970:8)
    at writeOrBuffer (node:internal/streams/writable:572:12)
    at _write (node:internal/streams/writable:501:10)
    at Writable.write (node:internal/streams/writable:510:10)
    at Console.log (/Users/weafrica/.cache/firebase/tools/lib/node_modules/winston/lib/winston/transports/console.js:87:23)
    at Console._write (/Users/weafrica/.cache/firebase/tools/lib/node_modules/winston-transport/modern.js:103:17)
    at doWrite (/Users/weafrica/.cache/firebase/tools/lib/node_modules/winston-transport/node_modules/readable-stream/lib/_stream_writable.js:390:139)
[error] 
[error] Error: An unexpected error has occurred.
[debug] [2026-06-29T13:26:17.317Z] Error: write EIO
    at afterWriteDispatched (node:internal/stream_base_commons:161:15)
    at writeGeneric (node:internal/stream_base_commons:152:3)
    at Socket._writeGeneric (node:net:958:11)
    at Socket._write (node:net:970:8)
    at writeOrBuffer (node:internal/streams/writable:572:12)
    at _write (node:internal/streams/writable:501:10)
    at Writable.write (node:internal/streams/writable:510:10)
    at Console.log (/Users/weafrica/.cache/firebase/tools/lib/node_modules/winston/lib/winston/transports/console.js:87:23)
    at Console._write (/Users/weafrica/.cache/firebase/tools/lib/node_modules/winston-transport/modern.js:103:17)
    at doWrite (/Users/weafrica/.cache/firebase/tools/lib/node_modules/winston-transport/node_modules/readable-stream/lib/_stream_writable.js:390:139)
[error] 
[error] Error: An unexpected error has occurred.
[debug] [2026-06-29T13:26:17.318Z] Error: write EIO
    at afterWriteDispatched (node:internal/stream_base_commons:161:15)
    at writeGeneric (node:internal/stream_base_commons:152:3)
    at Socket._writeGeneric (node:net:958:11)
    at Socket._write (node:net:970:8)
    at writeOrBuffer (node:internal/streams/writable:572:12)
    at _write (node:internal/streams/writable:501:10)
    at Writable.write (node:internal/streams/writable:510:10)
    at Console.log (/Users/weafrica/.cache/firebase/tools/lib/node_modules/winston/lib/winston/transports/console.js:87:23)
    at Console._write (/Users/weafrica/.cache/firebase/tools/lib/node_modules/winston-transport/modern.js:103:17)
    at doWrite (/Users/weafrica/.cache/firebase/tools/lib/node_modules/winston-transport/node_modules/readable-stream/lib/_stream_writable.js:390:139)
[error] 
[error] Error: An unexpected error has occurred.
[debug] [2026-06-29T13:26:17.318Z] Error: write EIO
    at afterWriteDispatched (node:internal/stream_base_commons:161:15)
    at writeGeneric (node:internal/stream_base_commons:152:3)
    at Socket._writeGeneric (node:net:958:11)
    at Socket._write (node:net:970:8)
    at writeOrBuffer (node:internal/streams/writable:572:12)
    at _write (node:internal/streams/writable:501:10)
    at Writable.write (node:internal/streams/writable:510:10)
    at Console.log (/Users/weafrica/.cache/firebase/tools/lib/node_modules/winston/lib/winston/transports/console.js:87:23)
    at Console._write (/Users/weafrica/.cache/firebase/tools/lib/node_modules/winston-transport/modern.js:103:17)
    at doWrite (/Users/weafrica/.cache/firebase/tools/lib/node_modules/winston-transport/node_modules/readable-stream/lib/_stream_writable.js:390:139)
[error] 
[error] Error: An unexpected error has occurred.
[debug] [2026-06-29T13:26:17.325Z] Error: write EIO
    at afterWriteDispatched (node:internal/stream_base_commons:161:15)
    at writeGeneric (node:internal/stream_base_commons:152:3)
    at Socket._writeGeneric (node:net:958:11)
    at Socket._write (node:net:970:8)
    at writeOrBuffer (node:internal/streams/writable:572:12)
    at _write (node:internal/streams/writable:501:10)
    at Writable.write (node:internal/streams/writable:510:10)
    at Console.log (/Users/weafrica/.cache/firebase/tools/lib/node_modules/winston/lib/winston/transports/console.js:87:23)
    at Console._write (/Users/weafrica/.cache/firebase/tools/lib/node_modules/winston-transport/modern.js:103:17)
    at doWrite (/Users/weafrica/.cache/firebase/tools/lib/node_modules/winston-transport/node_modules/readable-stream/lib/_stream_writable.js:390:139)
[error] 
[error] Error: An unexpected error has occurred.
[debug] [2026-06-29T13:26:17.364Z] Error: write EIO
    at afterWriteDispatched (node:internal/stream_base_commons:161:15)
    at writeGeneric (node:internal/stream_base_commons:152:3)
    at Socket._writeGeneric (node:net:958:11)
    at Socket._write (node:net:970:8)
    at writeOrBuffer (node:internal/streams/writable:572:12)
    at _write (node:internal/streams/writable:501:10)
    at Writable.write (node:internal/streams/writable:510:10)
    at Console.log (/Users/weafrica/.cache/firebase/tools/lib/node_modules/winston/lib/winston/transports/console.js:87:23)
    at Console._write (/Users/weafrica/.cache/firebase/tools/lib/node_modules/winston-transport/modern.js:103:17)
    at doWrite (/Users/weafrica/.cache/firebase/tools/lib/node_modules/winston-transport/node_modules/readable-stream/lib/_stream_writable.js:390:139)
[error] 
[error] Error: An unexpected error has occurred.
[debug] [2026-06-29T13:26:17.365Z] Error: write EIO
    at afterWriteDispatched (node:internal/stream_base_commons:161:15)
    at writeGeneric (node:internal/stream_base_commons:152:3)
    at Socket._writeGeneric (node:net:958:11)
    at Socket._write (node:net:970:8)
    at writeOrBuffer (node:internal/streams/writable:572:12)
    at _write (node:internal/streams/writable:501:10)
    at Writable.write (node:internal/streams/writable:510:10)
    at Console.log (/Users/weafrica/.cache/firebase/tools/lib/node_modules/winston/lib/winston/transports/console.js:87:23)
    at Console._write (/Users/weafrica/.cache/firebase/tools/lib/node_modules/winston-transport/modern.js:103:17)
    at doWrite (/Users/weafrica/.cache/firebase/tools/lib/node_modules/winston-transport/node_modules/readable-stream/lib/_stream_writable.js:390:139)
[error] 
[error] Error: An unexpected error has occurred.
[debug] [2026-06-29T13:26:17.367Z] Error: write EIO
    at afterWriteDispatched (node:internal/stream_base_commons:161:15)
    at writeGeneric (node:internal/stream_base_commons:152:3)
    at Socket._writeGeneric (node:net:958:11)
    at Socket._write (node:net:970:8)
    at writeOrBuffer (node:internal/streams/writable:572:12)
    at _write (node:internal/streams/writable:501:10)
    at Writable.write (node:internal/streams/writable:510:10)
    at Console.log (/Users/weafrica/.cache/firebase/tools/lib/node_modules/winston/lib/winston/transports/console.js:87:23)
    at Console._write (/Users/weafrica/.cache/firebase/tools/lib/node_modules/winston-transport/modern.js:103:17)
    at doWrite (/Users/weafrica/.cache/firebase/tools/lib/node_modules/winston-transport/node_modules/readable-stream/lib/_stream_writable.js:390:139)
[error] 
[error] Error: An unexpected error has occurred.
[debug] [2026-06-29T13:26:17.389Z] Error: write EIO
    at afterWriteDispatched (node:internal/stream_base_commons:161:15)
    at writeGeneric (node:internal/stream_base_commons:152:3)
    at Socket._writeGeneric (node:net:958:11)
    at Socket._write (node:net:970:8)
    at writeOrBuffer (node:internal/streams/writable:572:12)
    at _write (node:internal/streams/writable:501:10)
    at Writable.write (node:internal/streams/writable:510:10)
    at Console.log (/Users/weafrica/.cache/firebase/tools/lib/node_modules/winston/lib/winston/transports/console.js:87:23)
    at Console._write (/Users/weafrica/.cache/firebase/tools/lib/node_modules/winston-transport/modern.js:103:17)
    at doWrite (/Users/weafrica/.cache/firebase/tools/lib/node_modules/winston-transport/node_modules/readable-stream/lib/_stream_writable.js:390:139)
[error] 
[error] Error: An unexpected error has occurred.
[debug] [2026-06-29T13:26:17.397Z] Error: write EIO
    at afterWriteDispatched (node:internal/stream_base_commons:161:15)
    at writeGeneric (node:internal/stream_base_commons:152:3)
    at Socket._writeGeneric (node:net:958:11)
    at Socket._write (node:net:970:8)
    at writeOrBuffer (node:internal/streams/writable:572:12)
    at _write (node:internal/streams/writable:501:10)
    at Writable.write (node:internal/streams/writable:510:10)
    at Console.log (/Users/weafrica/.cache/firebase/tools/lib/node_modules/winston/lib/winston/transports/console.js:87:23)
    at Console._write (/Users/weafrica/.cache/firebase/tools/lib/node_modules/winston-transport/modern.js:103:17)
    at doWrite (/Users/weafrica/.cache/firebase/tools/lib/node_modules/winston-transport/node_modules/readable-stream/lib/_stream_writable.js:390:139)
